// Jest Snapshot v1, https://goo.gl/fbAQLP

exports[`GridItem renders correctly 1`] = `
<a
  className="sc-AxjAm JTeds"
/>
`;
